{
  "locale": "en",
  "locales": [
    {
      "code": "en",
      "name": "English"
    },
    {
      "code": "es",
      "name": "Espa√±ol (Spanish)"
    }
  ],
  "kujua-reporting": [
    {
      "code": "SS",
      "reporting_freq": "monthly"
    }
  ],
  "forms": {
    "IMM": {
      "fields": [ "patient_id", "visit_confirmed" ]
    },
    "C": {
      "fields": [ "weeks_since_birth", "patient_name" ]
    }
  },
  "schedules": [
    {
      "name": "Registration Followup ANC",
      "translation_key": "schedule.registration_anc",
      "summary": "",
      "description": "",
      "start_from": "reported_date",
      "messages": [
        {
          "translation_key": "messages.schedule.registration.followup_anc",
          "group": 1,
          "offset": "7 days",
          "send_day": "",
          "send_time": "",
          "recipient": "clinic"
        }
      ]
    },
    {
      "name": "Registration Followup ANC PNC",
      "translation_key": "schedule.registration_anc_pnc",
      "summary": "",
      "description": "",
      "start_from": "reported_date",
      "messages": [
        {
          "translation_key": "messages.schedule.registration.followup_anc_pnc",
          "group": 1,
          "offset": "7 days",
          "send_day": "",
          "send_time": "",
          "recipient": "clinic"
        }
      ]
    }
  ],
  "contact_summary": "",
  "tasks": {
    "rules": "",
    "targets": {}
  }
}
